env temperature=-10.82 1599612130709842134
env temperature=-10.82 1599612130743049304
env temperature=-10.82 1599612306307120495
