env,site=site1,sensor=freezer temperature=-10.82,sensor=freezer 1599612130709842134
env,site=site1,sensor=freezer temperature=-10.82,sensor=freezer 1599612130743049304
env,site=site1,sensor=freezer temperature=-10.82,sensor=freezer 1599612306307120495
