env,site=site1,sensor=thing value=2i 1599612130709842134
env,site=site1,sensor=thing value=3i 1599612130743049304
env,site=site1,sensor=thing value=5i 1599612306307120495
